[INFO] Scanning for projects...
[INFO] 
[INFO] ----------------< com.susume:recommendation-engine-api >----------------
[INFO] Building Recommendation Engine API 1.0.0
[INFO]   from pom.xml
[INFO] --------------------------------[ jar ]---------------------------------
[INFO] 
[INFO] --- clean:3.3.2:clean (default-clean) @ recommendation-engine-api ---
[INFO] Deleting D:\Susume\api-service\target
[INFO] 
[INFO] --- resources:3.3.1:resources (default-resources) @ recommendation-engine-api ---
[INFO] Copying 1 resource from src\main\resources to target\classes
[INFO] Copying 9 resources from src\main\resources to target\classes
[INFO] 
[INFO] --- compiler:3.11.0:compile (default-compile) @ recommendation-engine-api ---
[INFO] Changes detected - recompiling the module! :source
[INFO] Compiling 25 source files with javac [debug release 17] to target\classes
[INFO] Annotation processing is enabled because one or more processors were found
  on the class path. A future release of javac may disable annotation processing
  unless at least one processor is specified by name (-processor), or a search
  path is specified (--processor-path, --processor-module-path), or annotation
  processing is enabled explicitly (-proc:only, -proc:full).
  Use -Xlint:-options to suppress this message.
  Use -proc:none to disable annotation processing.
[INFO] -------------------------------------------------------------
[ERROR] COMPILATION ERROR : 
[INFO] -------------------------------------------------------------
[ERROR] /D:/Susume/api-service/src/main/java/com/susume/recommendation/service/TenantService.java:[54,35] ';' expected
[ERROR] /D:/Susume/api-service/src/main/java/com/susume/recommendation/service/TenantService.java:[54,49] ';' expected
[ERROR] /D:/Susume/api-service/src/main/java/com/susume/recommendation/service/TenantService.java:[72,5] illegal start of expression
[INFO] 3 errors 
[INFO] -------------------------------------------------------------
[INFO] ------------------------------------------------------------------------
[INFO] BUILD FAILURE
[INFO] ------------------------------------------------------------------------
[INFO] Total time:  9.653 s
[INFO] Finished at: 2026-03-26T16:32:00+05:30
[INFO] ------------------------------------------------------------------------
[ERROR] Failed to execute goal org.apache.maven.plugins:maven-compiler-plugin:3.11.0:compile (default-compile) on project recommendation-engine-api: Compilation failure: Compilation failure: 
[ERROR] /D:/Susume/api-service/src/main/java/com/susume/recommendation/service/TenantService.java:[54,35] ';' expected
[ERROR] /D:/Susume/api-service/src/main/java/com/susume/recommendation/service/TenantService.java:[54,49] ';' expected
[ERROR] /D:/Susume/api-service/src/main/java/com/susume/recommendation/service/TenantService.java:[72,5] illegal start of expression
[ERROR] -> [Help 1]
[ERROR] 
[ERROR] To see the full stack trace of the errors, re-run Maven with the -e switch.
[ERROR] Re-run Maven using the -X switch to enable full debug logging.
[ERROR] 
[ERROR] For more information about the errors and possible solutions, please read the following articles:
[ERROR] [Help 1] http://cwiki.apache.org/confluence/display/MAVEN/MojoFailureException
